0
[Block { id: 0, preds: [2], assignments: [], kind: Simple }, Block { id: 1, preds: [], assignments: [("x.0", Unsigned { numb: 2 })], kind: Simple }, Block { id: 2, preds: [1], assignments: [], kind: Return { dest: 0, val: Var { name: "x" } } }]